make: Nothing to be done for 'all'.
Makefile:28: config.mk: No such file or directory
make: *** No rule to make target 'config.mk'.  Stop.
mkdir -p build

arm-none-eabi-gcc -c -mcpu=cortex-m3 -masm-syntax-unified -O3 -Os -g -ffunction-sections -fdata-sections -fno-common -Wall -Wextra -Wstrict-prototypes -Wa,-alms=build/main.lst -DMEMORY_SIZE=20 -DMHZ=72 -DFLASH_UPGRADE_SUPPORT -DUSE_SYS -DARCH_HEADER='"chopstx-cortex-m.h"' -DARCH_IMPL='"chopstx-cortex-m.c"' -mthumb -mno-thumb-interwork -DTHUMB -MD -MP -MF .dep/main.o.d -I. -I../polarssl/include -I../chopstx main.c -o build/main.o
In function 'calculate_regnual_entry_address',
    inlined from 'main' at main.c:507:11:
main.c:277:18: warning: array subscript 4 is outside array bounds of 'uint8_t[1]' {aka 'unsigned char[1]'} [-Warray-bounds]
  277 |   uintptr_t v = p[0] + (p[1] << 8) + (p[2] << 16) + (p[3] << 24);
      |                 ~^~~
In file included from main.c:34:
gnuk.h: In function 'main':
gnuk.h:482:16: note: at offset 4 into object '_regnual_start' of size 1
  482 | extern uint8_t _regnual_start, __heap_end__[];
      |                ^~~~~~~~~~~~~~
In function 'calculate_regnual_entry_address',
    inlined from 'main' at main.c:507:11:
main.c:277:26: warning: array subscript 5 is outside array bounds of 'uint8_t[1]' {aka 'unsigned char[1]'} [-Warray-bounds]
  277 |   uintptr_t v = p[0] + (p[1] << 8) + (p[2] << 16) + (p[3] << 24);
      |                         ~^~~
gnuk.h: In function 'main':
gnuk.h:482:16: note: at offset 5 into object '_regnual_start' of size 1
  482 | extern uint8_t _regnual_start, __heap_end__[];
      |                ^~~~~~~~~~~~~~
In function 'calculate_regnual_entry_address',
    inlined from 'main' at main.c:507:11:
main.c:277:40: warning: array subscript 6 is outside array bounds of 'uint8_t[1]' {aka 'unsigned char[1]'} [-Warray-bounds]
  277 |   uintptr_t v = p[0] + (p[1] << 8) + (p[2] << 16) + (p[3] << 24);
      |                                       ~^~~
gnuk.h: In function 'main':
gnuk.h:482:16: note: at offset 6 into object '_regnual_start' of size 1
  482 | extern uint8_t _regnual_start, __heap_end__[];
      |                ^~~~~~~~~~~~~~
In function 'calculate_regnual_entry_address',
    inlined from 'main' at main.c:507:11:
main.c:277:55: warning: array subscript 7 is outside array bounds of 'uint8_t[1]' {aka 'unsigned char[1]'} [-Warray-bounds]
  277 |   uintptr_t v = p[0] + (p[1] << 8) + (p[2] << 16) + (p[3] << 24);
      |                                                      ~^~~
gnuk.h: In function 'main':
gnuk.h:482:16: note: at offset 7 into object '_regnual_start' of size 1
  482 | extern uint8_t _regnual_start, __heap_end__[];
      |                ^~~~~~~~~~~~~~

arm-none-eabi-gcc -c -mcpu=cortex-m3 -masm-syntax-unified -O3 -Os -g -ffunction-sections -fdata-sections -fno-common -Wall -Wextra -Wstrict-prototypes -Wa,-alms=build/call-rsa.lst -DMEMORY_SIZE=20 -DMHZ=72 -DFLASH_UPGRADE_SUPPORT -DUSE_SYS -DARCH_HEADER='"chopstx-cortex-m.h"' -DARCH_IMPL='"chopstx-cortex-m.c"' -mthumb -mno-thumb-interwork -DTHUMB -MD -MP -MF .dep/call-rsa.o.d -I. -I../polarssl/include -I../chopstx call-rsa.c -o build/call-rsa.o

arm-none-eabi-gcc -c -mcpu=cortex-m3 -masm-syntax-unified -O3 -Os -g -ffunction-sections -fdata-sections -fno-common -Wall -Wextra -Wstrict-prototypes -Wa,-alms=build/usb_desc.lst -DMEMORY_SIZE=20 -DMHZ=72 -DFLASH_UPGRADE_SUPPORT -DUSE_SYS -DARCH_HEADER='"chopstx-cortex-m.h"' -DARCH_IMPL='"chopstx-cortex-m.c"' -mthumb -mno-thumb-interwork -DTHUMB -MD -MP -MF .dep/usb_desc.o.d -I. -I../polarssl/include -I../chopstx usb_desc.c -o build/usb_desc.o

arm-none-eabi-gcc -c -mcpu=cortex-m3 -masm-syntax-unified -O3 -Os -g -ffunction-sections -fdata-sections -fno-common -Wall -Wextra -Wstrict-prototypes -Wa,-alms=build/usb_ctrl.lst -DMEMORY_SIZE=20 -DMHZ=72 -DFLASH_UPGRADE_SUPPORT -DUSE_SYS -DARCH_HEADER='"chopstx-cortex-m.h"' -DARCH_IMPL='"chopstx-cortex-m.c"' -mthumb -mno-thumb-interwork -DTHUMB -MD -MP -MF .dep/usb_ctrl.o.d -I. -I../polarssl/include -I../chopstx usb_ctrl.c -o build/usb_ctrl.o

arm-none-eabi-gcc -c -mcpu=cortex-m3 -masm-syntax-unified -O3 -Os -g -ffunction-sections -fdata-sections -fno-common -Wall -Wextra -Wstrict-prototypes -Wa,-alms=build/usb-ccid.lst -DMEMORY_SIZE=20 -DMHZ=72 -DFLASH_UPGRADE_SUPPORT -DUSE_SYS -DARCH_HEADER='"chopstx-cortex-m.h"' -DARCH_IMPL='"chopstx-cortex-m.c"' -mthumb -mno-thumb-interwork -DTHUMB -MD -MP -MF .dep/usb-ccid.o.d -I. -I../polarssl/include -I../chopstx usb-ccid.c -o build/usb-ccid.o

arm-none-eabi-gcc -c -mcpu=cortex-m3 -masm-syntax-unified -O3 -Os -g -ffunction-sections -fdata-sections -fno-common -Wall -Wextra -Wstrict-prototypes -Wa,-alms=build/openpgp.lst -DMEMORY_SIZE=20 -DMHZ=72 -DFLASH_UPGRADE_SUPPORT -DUSE_SYS -DARCH_HEADER='"chopstx-cortex-m.h"' -DARCH_IMPL='"chopstx-cortex-m.c"' -mthumb -mno-thumb-interwork -DTHUMB -MD -MP -MF .dep/openpgp.o.d -I. -I../polarssl/include -I../chopstx openpgp.c -o build/openpgp.o

arm-none-eabi-gcc -c -mcpu=cortex-m3 -masm-syntax-unified -O3 -Os -g -ffunction-sections -fdata-sections -fno-common -Wall -Wextra -Wstrict-prototypes -Wa,-alms=build/ac.lst -DMEMORY_SIZE=20 -DMHZ=72 -DFLASH_UPGRADE_SUPPORT -DUSE_SYS -DARCH_HEADER='"chopstx-cortex-m.h"' -DARCH_IMPL='"chopstx-cortex-m.c"' -mthumb -mno-thumb-interwork -DTHUMB -MD -MP -MF .dep/ac.o.d -I. -I../polarssl/include -I../chopstx ac.c -o build/ac.o

arm-none-eabi-gcc -c -mcpu=cortex-m3 -masm-syntax-unified -O3 -Os -g -ffunction-sections -fdata-sections -fno-common -Wall -Wextra -Wstrict-prototypes -Wa,-alms=build/openpgp-do.lst -DMEMORY_SIZE=20 -DMHZ=72 -DFLASH_UPGRADE_SUPPORT -DUSE_SYS -DARCH_HEADER='"chopstx-cortex-m.h"' -DARCH_IMPL='"chopstx-cortex-m.c"' -mthumb -mno-thumb-interwork -DTHUMB -MD -MP -MF .dep/openpgp-do.o.d -I. -I../polarssl/include -I../chopstx openpgp-do.c -o build/openpgp-do.o

arm-none-eabi-gcc -c -mcpu=cortex-m3 -masm-syntax-unified -O3 -Os -g -ffunction-sections -fdata-sections -fno-common -Wall -Wextra -Wstrict-prototypes -Wa,-alms=build/flash.lst -DMEMORY_SIZE=20 -DMHZ=72 -DFLASH_UPGRADE_SUPPORT -DUSE_SYS -DARCH_HEADER='"chopstx-cortex-m.h"' -DARCH_IMPL='"chopstx-cortex-m.c"' -mthumb -mno-thumb-interwork -DTHUMB -MD -MP -MF .dep/flash.o.d -I. -I../polarssl/include -I../chopstx flash.c -o build/flash.o
In function 'flash_copying_gc',
    inlined from 'flash_data_pool_allocate' at flash.c:288:9:
flash.c:262:14: warning: array subscript 'uint16_t {aka short unsigned int}[0]' is partly outside array bounds of 'uint8_t[1]' {aka 'unsigned char[1]'} [-Warray-bounds]
  262 |   generation = *(uint16_t *)src;
      |   ~~~~~~~~~~~^~~~~~~~~~~~~~~~~~
flash.c: In function 'flash_data_pool_allocate':
flash.c:86:16: note: object '_data_pool' of size 1
   86 | extern uint8_t _data_pool;
      |                ^~~~~~~~~~
flash.c:86:16: note: object '_data_pool' of size 1
flash.c: In function 'flash_do_storage_init':
flash.c:129:10: warning: array subscript 'uint16_t {aka short unsigned int}[0]' is partly outside array bounds of 'uint8_t[1]' {aka 'unsigned char[1]'} [-Warray-bounds]
  129 |   gen0 = *gen0_p;
      |          ^~~~~~~
flash.c:86:16: note: object '_data_pool' of size 1
   86 | extern uint8_t _data_pool;
      |                ^~~~~~~~~~
flash.c:130:10: warning: array subscript 'uint16_t {aka short unsigned int}[0]' is partly outside array bounds of 'uint8_t[1]' {aka 'unsigned char[1]'} [-Warray-bounds]
  130 |   gen1 = *gen1_p;
      |          ^~~~~~~
flash.c:86:16: note: object '_data_pool' of size 1
   86 | extern uint8_t _data_pool;
      |                ^~~~~~~~~~
flash.c: In function 'flash_terminate':
flash.c:171:42: warning: array subscript 2 is outside array bounds of 'uint8_t[1]' {aka 'unsigned char[1]'} [-Warray-bounds]
  171 |   last_p = FLASH_ADDR_DATA_STORAGE_START + FLASH_DATA_POOL_HEADER_SIZE;
      |                                          ^
flash.c:86:16: note: at offset 2 into object '_data_pool' of size 1
   86 | extern uint8_t _data_pool;
      |                ^~~~~~~~~~

arm-none-eabi-gcc -c -mcpu=cortex-m3 -masm-syntax-unified -O3 -Os -g -ffunction-sections -fdata-sections -fno-common -Wall -Wextra -Wstrict-prototypes -Wa,-alms=build/bn.lst -DMEMORY_SIZE=20 -DMHZ=72 -DFLASH_UPGRADE_SUPPORT -DUSE_SYS -DARCH_HEADER='"chopstx-cortex-m.h"' -DARCH_IMPL='"chopstx-cortex-m.c"' -mthumb -mno-thumb-interwork -DTHUMB -MD -MP -MF .dep/bn.o.d -I. -I../polarssl/include -I../chopstx bn.c -o build/bn.o

arm-none-eabi-gcc -c -mcpu=cortex-m3 -masm-syntax-unified -O3 -Os -g -ffunction-sections -fdata-sections -fno-common -Wall -Wextra -Wstrict-prototypes -Wa,-alms=build/mod.lst -DMEMORY_SIZE=20 -DMHZ=72 -DFLASH_UPGRADE_SUPPORT -DUSE_SYS -DARCH_HEADER='"chopstx-cortex-m.h"' -DARCH_IMPL='"chopstx-cortex-m.c"' -mthumb -mno-thumb-interwork -DTHUMB -MD -MP -MF .dep/mod.o.d -I. -I../polarssl/include -I../chopstx mod.c -o build/mod.o

arm-none-eabi-gcc -c -mcpu=cortex-m3 -masm-syntax-unified -O3 -Os -g -ffunction-sections -fdata-sections -fno-common -Wall -Wextra -Wstrict-prototypes -Wa,-alms=build/modp256k1.lst -DMEMORY_SIZE=20 -DMHZ=72 -DFLASH_UPGRADE_SUPPORT -DUSE_SYS -DARCH_HEADER='"chopstx-cortex-m.h"' -DARCH_IMPL='"chopstx-cortex-m.c"' -mthumb -mno-thumb-interwork -DTHUMB -MD -MP -MF .dep/modp256k1.o.d -I. -I../polarssl/include -I../chopstx modp256k1.c -o build/modp256k1.o

arm-none-eabi-gcc -c -mcpu=cortex-m3 -masm-syntax-unified -O3 -Os -g -ffunction-sections -fdata-sections -fno-common -Wall -Wextra -Wstrict-prototypes -Wa,-alms=build/jpc_p256k1.lst -DMEMORY_SIZE=20 -DMHZ=72 -DFLASH_UPGRADE_SUPPORT -DUSE_SYS -DARCH_HEADER='"chopstx-cortex-m.h"' -DARCH_IMPL='"chopstx-cortex-m.c"' -mthumb -mno-thumb-interwork -DTHUMB -MD -MP -MF .dep/jpc_p256k1.o.d -I. -I../polarssl/include -I../chopstx jpc_p256k1.c -o build/jpc_p256k1.o

arm-none-eabi-gcc -c -mcpu=cortex-m3 -masm-syntax-unified -O3 -Os -g -ffunction-sections -fdata-sections -fno-common -Wall -Wextra -Wstrict-prototypes -Wa,-alms=build/ec_p256k1.lst -DMEMORY_SIZE=20 -DMHZ=72 -DFLASH_UPGRADE_SUPPORT -DUSE_SYS -DARCH_HEADER='"chopstx-cortex-m.h"' -DARCH_IMPL='"chopstx-cortex-m.c"' -mthumb -mno-thumb-interwork -DTHUMB -MD -MP -MF .dep/ec_p256k1.o.d -I. -I../polarssl/include -I../chopstx ec_p256k1.c -o build/ec_p256k1.o

arm-none-eabi-gcc -c -mcpu=cortex-m3 -masm-syntax-unified -O3 -Os -g -ffunction-sections -fdata-sections -fno-common -Wall -Wextra -Wstrict-prototypes -Wa,-alms=build/call-ec_p256k1.lst -DMEMORY_SIZE=20 -DMHZ=72 -DFLASH_UPGRADE_SUPPORT -DUSE_SYS -DARCH_HEADER='"chopstx-cortex-m.h"' -DARCH_IMPL='"chopstx-cortex-m.c"' -mthumb -mno-thumb-interwork -DTHUMB -MD -MP -MF .dep/call-ec_p256k1.o.d -I. -I../polarssl/include -I../chopstx call-ec_p256k1.c -o build/call-ec_p256k1.o

arm-none-eabi-gcc -c -mcpu=cortex-m3 -masm-syntax-unified -O3 -Os -g -ffunction-sections -fdata-sections -fno-common -Wall -Wextra -Wstrict-prototypes -Wa,-alms=build/mod25638.lst -DMEMORY_SIZE=20 -DMHZ=72 -DFLASH_UPGRADE_SUPPORT -DUSE_SYS -DARCH_HEADER='"chopstx-cortex-m.h"' -DARCH_IMPL='"chopstx-cortex-m.c"' -mthumb -mno-thumb-interwork -DTHUMB -MD -MP -MF .dep/mod25638.o.d -I. -I../polarssl/include -I../chopstx mod25638.c -o build/mod25638.o

arm-none-eabi-gcc -c -mcpu=cortex-m3 -masm-syntax-unified -O3 -Os -g -ffunction-sections -fdata-sections -fno-common -Wall -Wextra -Wstrict-prototypes -Wa,-alms=build/ecc-ed25519.lst -DMEMORY_SIZE=20 -DMHZ=72 -DFLASH_UPGRADE_SUPPORT -DUSE_SYS -DARCH_HEADER='"chopstx-cortex-m.h"' -DARCH_IMPL='"chopstx-cortex-m.c"' -mthumb -mno-thumb-interwork -DTHUMB -MD -MP -MF .dep/ecc-ed25519.o.d -I. -I../polarssl/include -I../chopstx ecc-ed25519.c -o build/ecc-ed25519.o

arm-none-eabi-gcc -c -mcpu=cortex-m3 -masm-syntax-unified -O3 -Os -g -ffunction-sections -fdata-sections -fno-common -Wall -Wextra -Wstrict-prototypes -Wa,-alms=build/ecc-mont.lst -DMEMORY_SIZE=20 -DMHZ=72 -DFLASH_UPGRADE_SUPPORT -DUSE_SYS -DARCH_HEADER='"chopstx-cortex-m.h"' -DARCH_IMPL='"chopstx-cortex-m.c"' -mthumb -mno-thumb-interwork -DTHUMB -MD -MP -MF .dep/ecc-mont.o.d -I. -I../polarssl/include -I../chopstx ecc-mont.c -o build/ecc-mont.o

arm-none-eabi-gcc -c -mcpu=cortex-m3 -masm-syntax-unified -O3 -Os -g -ffunction-sections -fdata-sections -fno-common -Wall -Wextra -Wstrict-prototypes -Wa,-alms=build/sha512.lst -DMEMORY_SIZE=20 -DMHZ=72 -DFLASH_UPGRADE_SUPPORT -DUSE_SYS -DARCH_HEADER='"chopstx-cortex-m.h"' -DARCH_IMPL='"chopstx-cortex-m.c"' -mthumb -mno-thumb-interwork -DTHUMB -MD -MP -MF .dep/sha512.o.d -I. -I../polarssl/include -I../chopstx sha512.c -o build/sha512.o

arm-none-eabi-gcc -c -mcpu=cortex-m3 -masm-syntax-unified -O3 -Os -g -ffunction-sections -fdata-sections -fno-common -Wall -Wextra -Wstrict-prototypes -Wa,-alms=build/p448.lst -DMEMORY_SIZE=20 -DMHZ=72 -DFLASH_UPGRADE_SUPPORT -DUSE_SYS -DARCH_HEADER='"chopstx-cortex-m.h"' -DARCH_IMPL='"chopstx-cortex-m.c"' -mthumb -mno-thumb-interwork -DTHUMB -MD -MP -MF .dep/p448.o.d -I. -I../polarssl/include -I../chopstx p448.c -o build/p448.o

arm-none-eabi-gcc -c -mcpu=cortex-m3 -masm-syntax-unified -O3 -Os -g -ffunction-sections -fdata-sections -fno-common -Wall -Wextra -Wstrict-prototypes -Wa,-alms=build/ecc-x448.lst -DMEMORY_SIZE=20 -DMHZ=72 -DFLASH_UPGRADE_SUPPORT -DUSE_SYS -DARCH_HEADER='"chopstx-cortex-m.h"' -DARCH_IMPL='"chopstx-cortex-m.c"' -mthumb -mno-thumb-interwork -DTHUMB -MD -MP -MF .dep/ecc-x448.o.d -I. -I../polarssl/include -I../chopstx ecc-x448.c -o build/ecc-x448.o

arm-none-eabi-gcc -c -mcpu=cortex-m3 -masm-syntax-unified -O3 -Os -g -ffunction-sections -fdata-sections -fno-common -Wall -Wextra -Wstrict-prototypes -Wa,-alms=build/ecc-ed448.lst -DMEMORY_SIZE=20 -DMHZ=72 -DFLASH_UPGRADE_SUPPORT -DUSE_SYS -DARCH_HEADER='"chopstx-cortex-m.h"' -DARCH_IMPL='"chopstx-cortex-m.c"' -mthumb -mno-thumb-interwork -DTHUMB -MD -MP -MF .dep/ecc-ed448.o.d -I. -I../polarssl/include -I../chopstx ecc-ed448.c -o build/ecc-ed448.o

arm-none-eabi-gcc -c -mcpu=cortex-m3 -masm-syntax-unified -O3 -Os -g -ffunction-sections -fdata-sections -fno-common -Wall -Wextra -Wstrict-prototypes -Wa,-alms=build/shake256.lst -DMEMORY_SIZE=20 -DMHZ=72 -DFLASH_UPGRADE_SUPPORT -DUSE_SYS -DARCH_HEADER='"chopstx-cortex-m.h"' -DARCH_IMPL='"chopstx-cortex-m.c"' -mthumb -mno-thumb-interwork -DTHUMB -MD -MP -MF .dep/shake256.o.d -I. -I../polarssl/include -I../chopstx shake256.c -o build/shake256.o

arm-none-eabi-gcc -c -mcpu=cortex-m3 -masm-syntax-unified -O3 -Os -g -ffunction-sections -fdata-sections -fno-common -Wall -Wextra -Wstrict-prototypes -Wa,-alms=build/random.lst -DMEMORY_SIZE=20 -DMHZ=72 -DFLASH_UPGRADE_SUPPORT -DUSE_SYS -DARCH_HEADER='"chopstx-cortex-m.h"' -DARCH_IMPL='"chopstx-cortex-m.c"' -mthumb -mno-thumb-interwork -DTHUMB -MD -MP -MF .dep/random.o.d -I. -I../polarssl/include -I../chopstx random.c -o build/random.o

arm-none-eabi-gcc -c -mcpu=cortex-m3 -masm-syntax-unified -O3 -Os -g -ffunction-sections -fdata-sections -fno-common -Wall -Wextra -Wstrict-prototypes -Wa,-alms=build/neug.lst -DMEMORY_SIZE=20 -DMHZ=72 -DFLASH_UPGRADE_SUPPORT -DUSE_SYS -DARCH_HEADER='"chopstx-cortex-m.h"' -DARCH_IMPL='"chopstx-cortex-m.c"' -mthumb -mno-thumb-interwork -DTHUMB -MD -MP -MF .dep/neug.o.d -I. -I../polarssl/include -I../chopstx neug.c -o build/neug.o

arm-none-eabi-gcc -c -mcpu=cortex-m3 -masm-syntax-unified -O3 -Os -g -ffunction-sections -fdata-sections -fno-common -Wall -Wextra -Wstrict-prototypes -Wa,-alms=build/sha256.lst -DMEMORY_SIZE=20 -DMHZ=72 -DFLASH_UPGRADE_SUPPORT -DUSE_SYS -DARCH_HEADER='"chopstx-cortex-m.h"' -DARCH_IMPL='"chopstx-cortex-m.c"' -mthumb -mno-thumb-interwork -DTHUMB -MD -MP -MF .dep/sha256.o.d -I. -I../polarssl/include -I../chopstx sha256.c -o build/sha256.o

arm-none-eabi-gcc -c -mcpu=cortex-m3 -masm-syntax-unified -O3 -g -Wall -Wextra -Wstrict-prototypes -Wa,-alms=build/bignum.lst -DMEMORY_SIZE=20 -DMHZ=72 -DFLASH_UPGRADE_SUPPORT -DUSE_SYS -DARCH_HEADER='"chopstx-cortex-m.h"' -DARCH_IMPL='"chopstx-cortex-m.c"' -mthumb -mno-thumb-interwork -DTHUMB -MD -MP -MF .dep/bignum.o.d -I. -I../polarssl/include -I../chopstx ../polarssl/library/bignum.c -o build/bignum.o

arm-none-eabi-gcc -c -mcpu=cortex-m3 -masm-syntax-unified -O3 -Os -g -ffunction-sections -fdata-sections -fno-common -Wall -Wextra -Wstrict-prototypes -Wa,-alms=build/rsa.lst -DMEMORY_SIZE=20 -DMHZ=72 -DFLASH_UPGRADE_SUPPORT -DUSE_SYS -DARCH_HEADER='"chopstx-cortex-m.h"' -DARCH_IMPL='"chopstx-cortex-m.c"' -mthumb -mno-thumb-interwork -DTHUMB -MD -MP -MF .dep/rsa.o.d -I. -I../polarssl/include -I../chopstx ../polarssl/library/rsa.c -o build/rsa.o

arm-none-eabi-gcc -c -mcpu=cortex-m3 -masm-syntax-unified -O3 -Os -g -ffunction-sections -fdata-sections -fno-common -Wall -Wextra -Wstrict-prototypes -Wa,-alms=build/aes.lst -DMEMORY_SIZE=20 -DMHZ=72 -DFLASH_UPGRADE_SUPPORT -DUSE_SYS -DARCH_HEADER='"chopstx-cortex-m.h"' -DARCH_IMPL='"chopstx-cortex-m.c"' -mthumb -mno-thumb-interwork -DTHUMB -MD -MP -MF .dep/aes.o.d -I. -I../polarssl/include -I../chopstx ../polarssl/library/aes.c -o build/aes.o

arm-none-eabi-gcc -c -mcpu=cortex-m3 -masm-syntax-unified -O3 -Os -g -ffunction-sections -fdata-sections -fno-common -Wall -Wextra -Wstrict-prototypes -Wa,-alms=build/debug.lst -DMEMORY_SIZE=20 -DMHZ=72 -DFLASH_UPGRADE_SUPPORT -DUSE_SYS -DARCH_HEADER='"chopstx-cortex-m.h"' -DARCH_IMPL='"chopstx-cortex-m.c"' -mthumb -mno-thumb-interwork -DTHUMB -MD -MP -MF .dep/debug.o.d -I. -I../polarssl/include -I../chopstx debug.c -o build/debug.o

arm-none-eabi-gcc -c -mcpu=cortex-m3 -masm-syntax-unified -O3 -Os -g -ffunction-sections -fdata-sections -fno-common -Wall -Wextra -Wstrict-prototypes -Wa,-alms=build/mcu-stm32f103.lst -DMEMORY_SIZE=20 -DMHZ=72 -DFLASH_UPGRADE_SUPPORT -DUSE_SYS -DARCH_HEADER='"chopstx-cortex-m.h"' -DARCH_IMPL='"chopstx-cortex-m.c"' -mthumb -mno-thumb-interwork -DTHUMB -MD -MP -MF .dep/mcu-stm32f103.o.d -I. -I../polarssl/include -I../chopstx mcu-stm32f103.c -o build/mcu-stm32f103.o

arm-none-eabi-gcc -c -mcpu=cortex-m3 -masm-syntax-unified -O3 -Os -g -ffunction-sections -fdata-sections -fno-common -Wall -Wextra -Wstrict-prototypes -Wa,-alms=build/entry-cortex-m.lst -DMEMORY_SIZE=20 -DMHZ=72 -DFLASH_UPGRADE_SUPPORT -DUSE_SYS -DARCH_HEADER='"chopstx-cortex-m.h"' -DARCH_IMPL='"chopstx-cortex-m.c"' -mthumb -mno-thumb-interwork -DTHUMB -MD -MP -MF .dep/entry-cortex-m.o.d -I. -I../polarssl/include -I../chopstx ../chopstx/entry-cortex-m.c -o build/entry-cortex-m.o
../chopstx/entry-cortex-m.c:34:10: fatal error: board.h: No such file or directory
   34 | #include "board.h"
      |          ^~~~~~~~~
compilation terminated.
make: *** [../chopstx/rules.mk:107: build/entry-cortex-m.o] Error 1

arm-none-eabi-gcc -c -mcpu=cortex-m3 -masm-syntax-unified -O3 -Os -g -ffunction-sections -fdata-sections -fno-common -Wall -Wextra -Wstrict-prototypes -Wa,-alms=build/entry-cortex-m.lst -DMEMORY_SIZE=20 -DMHZ=72 -DFLASH_UPGRADE_SUPPORT -DUSE_SYS -DARCH_HEADER='"chopstx-cortex-m.h"' -DARCH_IMPL='"chopstx-cortex-m.c"' -mthumb -mno-thumb-interwork -DTHUMB -MD -MP -MF .dep/entry-cortex-m.o.d -I. -I../polarssl/include -I../chopstx ../chopstx/entry-cortex-m.c -o build/entry-cortex-m.o
../chopstx/entry-cortex-m.c:34:10: fatal error: board.h: No such file or directory
   34 | #include "board.h"
      |          ^~~~~~~~~
compilation terminated.
make: *** [../chopstx/rules.mk:107: build/entry-cortex-m.o] Error 1

arm-none-eabi-gcc -c -mcpu=cortex-m3 -masm-syntax-unified -O3 -Os -g -ffunction-sections -fdata-sections -fno-common -Wall -Wextra -Wstrict-prototypes -Wa,-alms=build/main.lst -DMEMORY_SIZE=20 -DMHZ=72 -DFLASH_UPGRADE_SUPPORT -DUSE_SYS -DARCH_HEADER='"chopstx-cortex-m.h"' -DARCH_IMPL='"chopstx-cortex-m.c"' -mthumb -mno-thumb-interwork -DTHUMB -MD -MP -MF .dep/main.o.d -I. -I../polarssl/include -I../chopstx main.c -o build/main.o
In function 'calculate_regnual_entry_address',
    inlined from 'main' at main.c:507:11:
main.c:277:18: warning: array subscript 4 is outside array bounds of 'uint8_t[1]' {aka 'unsigned char[1]'} [-Warray-bounds]
  277 |   uintptr_t v = p[0] + (p[1] << 8) + (p[2] << 16) + (p[3] << 24);
      |                 ~^~~
In file included from main.c:34:
gnuk.h: In function 'main':
gnuk.h:482:16: note: at offset 4 into object '_regnual_start' of size 1
  482 | extern uint8_t _regnual_start, __heap_end__[];
      |                ^~~~~~~~~~~~~~
In function 'calculate_regnual_entry_address',
    inlined from 'main' at main.c:507:11:
main.c:277:26: warning: array subscript 5 is outside array bounds of 'uint8_t[1]' {aka 'unsigned char[1]'} [-Warray-bounds]
  277 |   uintptr_t v = p[0] + (p[1] << 8) + (p[2] << 16) + (p[3] << 24);
      |                         ~^~~
gnuk.h: In function 'main':
gnuk.h:482:16: note: at offset 5 into object '_regnual_start' of size 1
  482 | extern uint8_t _regnual_start, __heap_end__[];
      |                ^~~~~~~~~~~~~~
In function 'calculate_regnual_entry_address',
    inlined from 'main' at main.c:507:11:
main.c:277:40: warning: array subscript 6 is outside array bounds of 'uint8_t[1]' {aka 'unsigned char[1]'} [-Warray-bounds]
  277 |   uintptr_t v = p[0] + (p[1] << 8) + (p[2] << 16) + (p[3] << 24);
      |                                       ~^~~
gnuk.h: In function 'main':
gnuk.h:482:16: note: at offset 6 into object '_regnual_start' of size 1
  482 | extern uint8_t _regnual_start, __heap_end__[];
      |                ^~~~~~~~~~~~~~
In function 'calculate_regnual_entry_address',
    inlined from 'main' at main.c:507:11:
main.c:277:55: warning: array subscript 7 is outside array bounds of 'uint8_t[1]' {aka 'unsigned char[1]'} [-Warray-bounds]
  277 |   uintptr_t v = p[0] + (p[1] << 8) + (p[2] << 16) + (p[3] << 24);
      |                                                      ~^~~
gnuk.h: In function 'main':
gnuk.h:482:16: note: at offset 7 into object '_regnual_start' of size 1
  482 | extern uint8_t _regnual_start, __heap_end__[];
      |                ^~~~~~~~~~~~~~

arm-none-eabi-gcc -c -mcpu=cortex-m3 -masm-syntax-unified -O3 -Os -g -ffunction-sections -fdata-sections -fno-common -Wall -Wextra -Wstrict-prototypes -Wa,-alms=build/call-rsa.lst -DMEMORY_SIZE=20 -DMHZ=72 -DFLASH_UPGRADE_SUPPORT -DUSE_SYS -DARCH_HEADER='"chopstx-cortex-m.h"' -DARCH_IMPL='"chopstx-cortex-m.c"' -mthumb -mno-thumb-interwork -DTHUMB -MD -MP -MF .dep/call-rsa.o.d -I. -I../polarssl/include -I../chopstx call-rsa.c -o build/call-rsa.o

arm-none-eabi-gcc -c -mcpu=cortex-m3 -masm-syntax-unified -O3 -Os -g -ffunction-sections -fdata-sections -fno-common -Wall -Wextra -Wstrict-prototypes -Wa,-alms=build/usb_desc.lst -DMEMORY_SIZE=20 -DMHZ=72 -DFLASH_UPGRADE_SUPPORT -DUSE_SYS -DARCH_HEADER='"chopstx-cortex-m.h"' -DARCH_IMPL='"chopstx-cortex-m.c"' -mthumb -mno-thumb-interwork -DTHUMB -MD -MP -MF .dep/usb_desc.o.d -I. -I../polarssl/include -I../chopstx usb_desc.c -o build/usb_desc.o

arm-none-eabi-gcc -c -mcpu=cortex-m3 -masm-syntax-unified -O3 -Os -g -ffunction-sections -fdata-sections -fno-common -Wall -Wextra -Wstrict-prototypes -Wa,-alms=build/usb_ctrl.lst -DMEMORY_SIZE=20 -DMHZ=72 -DFLASH_UPGRADE_SUPPORT -DUSE_SYS -DARCH_HEADER='"chopstx-cortex-m.h"' -DARCH_IMPL='"chopstx-cortex-m.c"' -mthumb -mno-thumb-interwork -DTHUMB -MD -MP -MF .dep/usb_ctrl.o.d -I. -I../polarssl/include -I../chopstx usb_ctrl.c -o build/usb_ctrl.o

arm-none-eabi-gcc -c -mcpu=cortex-m3 -masm-syntax-unified -O3 -Os -g -ffunction-sections -fdata-sections -fno-common -Wall -Wextra -Wstrict-prototypes -Wa,-alms=build/usb-ccid.lst -DMEMORY_SIZE=20 -DMHZ=72 -DFLASH_UPGRADE_SUPPORT -DUSE_SYS -DARCH_HEADER='"chopstx-cortex-m.h"' -DARCH_IMPL='"chopstx-cortex-m.c"' -mthumb -mno-thumb-interwork -DTHUMB -MD -MP -MF .dep/usb-ccid.o.d -I. -I../polarssl/include -I../chopstx usb-ccid.c -o build/usb-ccid.o

arm-none-eabi-gcc -c -mcpu=cortex-m3 -masm-syntax-unified -O3 -Os -g -ffunction-sections -fdata-sections -fno-common -Wall -Wextra -Wstrict-prototypes -Wa,-alms=build/openpgp.lst -DMEMORY_SIZE=20 -DMHZ=72 -DFLASH_UPGRADE_SUPPORT -DUSE_SYS -DARCH_HEADER='"chopstx-cortex-m.h"' -DARCH_IMPL='"chopstx-cortex-m.c"' -mthumb -mno-thumb-interwork -DTHUMB -MD -MP -MF .dep/openpgp.o.d -I. -I../polarssl/include -I../chopstx openpgp.c -o build/openpgp.o

arm-none-eabi-gcc -c -mcpu=cortex-m3 -masm-syntax-unified -O3 -Os -g -ffunction-sections -fdata-sections -fno-common -Wall -Wextra -Wstrict-prototypes -Wa,-alms=build/ac.lst -DMEMORY_SIZE=20 -DMHZ=72 -DFLASH_UPGRADE_SUPPORT -DUSE_SYS -DARCH_HEADER='"chopstx-cortex-m.h"' -DARCH_IMPL='"chopstx-cortex-m.c"' -mthumb -mno-thumb-interwork -DTHUMB -MD -MP -MF .dep/ac.o.d -I. -I../polarssl/include -I../chopstx ac.c -o build/ac.o

arm-none-eabi-gcc -c -mcpu=cortex-m3 -masm-syntax-unified -O3 -Os -g -ffunction-sections -fdata-sections -fno-common -Wall -Wextra -Wstrict-prototypes -Wa,-alms=build/openpgp-do.lst -DMEMORY_SIZE=20 -DMHZ=72 -DFLASH_UPGRADE_SUPPORT -DUSE_SYS -DARCH_HEADER='"chopstx-cortex-m.h"' -DARCH_IMPL='"chopstx-cortex-m.c"' -mthumb -mno-thumb-interwork -DTHUMB -MD -MP -MF .dep/openpgp-do.o.d -I. -I../polarssl/include -I../chopstx openpgp-do.c -o build/openpgp-do.o

arm-none-eabi-gcc -c -mcpu=cortex-m3 -masm-syntax-unified -O3 -Os -g -ffunction-sections -fdata-sections -fno-common -Wall -Wextra -Wstrict-prototypes -Wa,-alms=build/flash.lst -DMEMORY_SIZE=20 -DMHZ=72 -DFLASH_UPGRADE_SUPPORT -DUSE_SYS -DARCH_HEADER='"chopstx-cortex-m.h"' -DARCH_IMPL='"chopstx-cortex-m.c"' -mthumb -mno-thumb-interwork -DTHUMB -MD -MP -MF .dep/flash.o.d -I. -I../polarssl/include -I../chopstx flash.c -o build/flash.o
In function 'flash_copying_gc',
    inlined from 'flash_data_pool_allocate' at flash.c:288:9:
flash.c:262:14: warning: array subscript 'uint16_t {aka short unsigned int}[0]' is partly outside array bounds of 'uint8_t[1]' {aka 'unsigned char[1]'} [-Warray-bounds]
  262 |   generation = *(uint16_t *)src;
      |   ~~~~~~~~~~~^~~~~~~~~~~~~~~~~~
flash.c: In function 'flash_data_pool_allocate':
flash.c:86:16: note: object '_data_pool' of size 1
   86 | extern uint8_t _data_pool;
      |                ^~~~~~~~~~
flash.c:86:16: note: object '_data_pool' of size 1
flash.c: In function 'flash_do_storage_init':
flash.c:129:10: warning: array subscript 'uint16_t {aka short unsigned int}[0]' is partly outside array bounds of 'uint8_t[1]' {aka 'unsigned char[1]'} [-Warray-bounds]
  129 |   gen0 = *gen0_p;
      |          ^~~~~~~
flash.c:86:16: note: object '_data_pool' of size 1
   86 | extern uint8_t _data_pool;
      |                ^~~~~~~~~~
flash.c:130:10: warning: array subscript 'uint16_t {aka short unsigned int}[0]' is partly outside array bounds of 'uint8_t[1]' {aka 'unsigned char[1]'} [-Warray-bounds]
  130 |   gen1 = *gen1_p;
      |          ^~~~~~~
flash.c:86:16: note: object '_data_pool' of size 1
   86 | extern uint8_t _data_pool;
      |                ^~~~~~~~~~
flash.c: In function 'flash_terminate':
flash.c:171:42: warning: array subscript 2 is outside array bounds of 'uint8_t[1]' {aka 'unsigned char[1]'} [-Warray-bounds]
  171 |   last_p = FLASH_ADDR_DATA_STORAGE_START + FLASH_DATA_POOL_HEADER_SIZE;
      |                                          ^
flash.c:86:16: note: at offset 2 into object '_data_pool' of size 1
   86 | extern uint8_t _data_pool;
      |                ^~~~~~~~~~

arm-none-eabi-gcc -c -mcpu=cortex-m3 -masm-syntax-unified -O3 -Os -g -ffunction-sections -fdata-sections -fno-common -Wall -Wextra -Wstrict-prototypes -Wa,-alms=build/entry-cortex-m.lst -DMEMORY_SIZE=20 -DMHZ=72 -DFLASH_UPGRADE_SUPPORT -DUSE_SYS -DARCH_HEADER='"chopstx-cortex-m.h"' -DARCH_IMPL='"chopstx-cortex-m.c"' -mthumb -mno-thumb-interwork -DTHUMB -MD -MP -MF .dep/entry-cortex-m.o.d -I. -I../polarssl/include -I../chopstx ../chopstx/entry-cortex-m.c -o build/entry-cortex-m.o
../chopstx/entry-cortex-m.c:34:10: fatal error: board.h: No such file or directory
   34 | #include "board.h"
      |          ^~~~~~~~~
compilation terminated.
make: *** [../chopstx/rules.mk:107: build/entry-cortex-m.o] Error 1
